// Jest Snapshot v1, https://goo.gl/fbAQLP

exports[`Slide should match snapshot 1`] = `
.c0 {
  height: 100%;
  -webkit-transition: all 300ms ease-in-out;
  transition: all 300ms ease-in-out;
  visibility: hidden;
  opacity: 0;
  -webkit-transform: translate3d( 100%,0,0 );
  -ms-transform: translate3d( 100%,0,0 );
  transform: translate3d( 100%,0,0 );
}

<div
  className="c0"
/>
`;
